section1:
  alfa: '{{ alfa_hotel }}'
  baz: baz
  tango: tango
